Name:DirectFB
NeedRemap: 0
#CustomerCode           KeyCode     flag

0x0030,   0x00F300CF,   0, #EV_TYPE_HS_NUMERIC_0,     FP_STR("Num 0")      },
0x0031,   0x00F310CE,   0, #EV_TYPE_HS_NUMERIC_1,     FP_STR("Num 1")      },
0x0032,   0x00F320CD,   0, #EV_TYPE_HS_NUMERIC_2,     FP_STR("Num 2")      },
0x0033,   0x00F330CC,   0, #EV_TYPE_HS_NUMERIC_3,     FP_STR("Num 3")      },
0x0034,   0x00F340CB,   0, #EV_TYPE_HS_NUMERIC_4,     FP_STR("Num 4")      },
0x0035,   0x00F350CA,   0, #EV_TYPE_HS_NUMERIC_5,     FP_STR("Num 5")      },
0x0036,   0x00F360C9,   0, #EV_TYPE_HS_NUMERIC_6,     FP_STR("Num 6")      },
0x0037,   0x00F370C8,   0, #EV_TYPE_HS_NUMERIC_7,     FP_STR("Num 7")      },
0x0038,   0x00F380C7,   0, #EV_TYPE_HS_NUMERIC_8,     FP_STR("Num 8")      },
0x0039,   0x00F390C6,   0, #EV_TYPE_HS_NUMERIC_9,     FP_STR("Num 9")      },

0xf00f,	  0x00F2A0D5,   0, #EV_TYPE_HS_STANDBY,       FP_STR("POWER")      },
0xf046,   0x00F2D0D2,   0, #EV_TYPE_HS_CHAN_UP,       FP_STR("Ch+")        },
0xf047,   0x00F2C0D3,   0, #EV_TYPE_HS_CHAN_DOWN,     FP_STR("Ch-")        },
0x000d,   0x00FF400B ,  0, #EV_TYPE_HS_OK,            FP_STR("OK")         },
0xf002,   0x00F590A6 ,  0, #EV_TYPE_HS_UP,            FP_STR("UP")         },
0xf003,   0x00F580A7 ,  0, #EV_TYPE_HS_DOWN,          FP_STR("DOWN")       },
0xf000,   0x00F560A9 ,  0, #EV_TYPE_HS_LEFT,          FP_STR("LEFT")       },
0xf001,   0x00F570A8 ,  0, #EV_TYPE_HS_RIGHT,         FP_STR("RIGHT")      },
0xf012,   0x00F080F7 ,  0, #EV_TYPE_HS_MENU,          FP_STR("MENU")       },
0xf062,   0x00F060F9 ,  0, #EV_TYPE_HS_ESC,           FP_STR("EXIT")       },
0xf04c,   0x00F2F0D0 ,  0, #EV_TYPE_HS_VOL_UP,        FP_STR("Vol+")       },
0xf04d,   0x00F2E0D1 ,  0, #EV_TYPE_HS_VOL_DOWN,      FP_STR("Vol-")       },
0xf042,   0x00F000FF,   0, #EV_TYPE_HS_RED,           FP_STR("RED")        },
0xf043,   0x00FE8017,   0, #EV_TYPE_HS_GREEN,         FP_STR("GREEN")      },
0xf044,   0x00FE401B,   0, #EV_TYPE_HS_YELLOW,        FP_STR("YELLOW")     },
0xf045,   0x00FD8027,   0, #EV_TYPE_HS_BLUE,          FP_STR("BLUE")       },
0xF068,   0x00FA305C,   0, #EV_TYPE_HS_SOURCE,        FP_STR("SOURCE")     },
0xf056,   0x00F170E8,   0, #EV_TYPE_HS_REC,           FP_STR("RECORD")     },
0xf052,   0x00F1F0E0,   0, #EV_TYPE_HS_STOP,          FP_STR("STOP")       },
0xf051,   0x00F150EA,   0, #EV_TYPE_HS_PLAY,          FP_STR("PLAY")       },
0xf05b,   0x00FBA045,   0, #EV_TYPE_HS_PREV,          FP_STR("|<")         },
0xf059,   0x00F1D0E2,   0, #EV_TYPE_HS_REV_SCAN,      FP_STR("<<")         },
0xf05a,   0x00F1C0E3,   0, #EV_TYPE_HS_FWD_SCAN,      FP_STR(">>")         },
0xf05c,   0x00F530AC,   0, #EV_TYPE_HS_NEXT,          FP_STR(">|")         },
0xf032,   0x00F1E0E1,   0, #EV_TYPE_HS_TEXT,          FP_STR("TELETEXT")   },
0xf01e,   0x00FDF020,   0, #EV_TYPE_HS_LANG,          FP_STR("LANG")       },
0xF014,   0x00f3c0c3,   0, #EV_TYPE_HS_INFO,          FP_STR("Info")       },
0xf020,   0x00F8007F,   0, #EV_TYPE_HS_SUBT,          FP_STR("SUBTITLE")   },
0xf01b,   0x00F1A0E5,   0, #EV_TYPE_HS_EPG,           FP_STR("EPG")        },
0xf01a,   0x00F050FA,   0, #EV_TYPE_HS_FAV,           FP_STR("fav")        },
0xf072,   0x00F070F8,   0, #EV_TYPE_HS_SLEEP_TIMER,   FP_STR("sleep")        },
0xF04e,   0x00F3F0C0,   0, #EV_TYPE_HS_MUTE,          FP_STR("Mute")       },
0xf011,   0x00FEC013,   0, #EV_TYPE_HS_OPTION,      FP_STR("Option")       },
0xf027,   0x00F3A0C5,   0, #EV_TYPE_HS_SRC_TV,      FP_STR("TV")       },
0xf02a,   0x00FFE001,   0, #EV_TYPE_HS_WIDE_SCREEN,          FP_STR("ZOOM-")       },
0xf031,   0x00F020FD,   0, #EV_TYPE_HS_WIDE,          FP_STR("ZOOM+")       },
0xf02d,   0x00F98067,   0, #EV_TYPE_HS_3D,      FP_STR("3D")       },
0xf03c,   0x00FDE021,   0, #EV_TYPE_HS_RECALL,      FP_STR("PRE-CH")       },
0xf03d,   0x00F6109E,   0, #EV_TYPE_HS_CHANNEL_LIST,      FP_STR("Ch list")       },
0xF048,   0x00F270D8,   0, #EV_TYPE_HS_RETURN,      FP_STR("Ch list")       },
0xf02b,   0x00FEA015,   0, #EV_TYPE_HS_SERVICES,      FP_STR("Smart TV")       },
0xf029,   0x00FF000F,   0, #EV_TYPE_HS_MODE,      FP_STR("eco")       },
0xf03a,   0x00FEE011,   0, #EV_TYPE_HS_BOOKMARK,      FP_STR("home")       },
0xf00a,   0x00f190e6,   0, #EV_TYPE_HS_PAUSE,      FP_STR("PAUSE")       },
0xa817,  0x007e8817,  0,######################## TCL_FACTORY
0xa816,  0x007e9816,  0,
0xa801,	0x007fe801,  0,
0xa802,	0x007fd802,  0,
0xa807,	0x007f8807,  0,
0xa808,	0x007f7808,  0,
0xa809,	0x007f6809,  0,
0xa80a,	0x007f580a,  0,
0xa80b,	0x007f480b,  0,
0xa805,	0x007fa805,  0,
0xa806,	0x007f9806,  0,
0xa80c,	0x007f380c,  0,
0xa62d,	0x009d262d,  0,
0xa53f,	0x00ac053f,  0,
0xa614,	0x009eb614,  0,
0xa615,	0x009ea615,  0,
0xa61d,	0x009e261d,  0,
0xa818,	0x007e7818,  0,
0xa819,	0x007e6819,  0,
0xa83d,	0x007c283d,  0,
0xa83e,	0x007c183e,  0,
0xa814,	0x007eb814,  0,
0xa815,	0x007ea815,  0,
0xa62e,	0x009d162e,  0,
0xa61c,	0x009e361c,  0,
0xa519,	0x00ae6519,  0,
0xa67f,	0x0098067f,  0,
0xa828,	0x007d7828,  0,
0xab0a,	0x004f5b0a,  0,
0xad05,	0x002fad05,  0,
0xac0d,	0x003f2c0d,  0,
0xa812,	0x007ed812,  0,
0xa813,	0x007ec813,  0,
0xa81a,	0x007e581a,  0,
0xa81b,	0x007e481b,  0,
0xa616,	0x009e9616,  0,
0xa617,	0x009e8617,  0,
0xa847, 0x007b8847,  0,
0xa848, 0x007b7848,  0,